[INFO] Scanning for projects...
[INFO] 
[INFO] ----------------< org.example:api-automation-framework >----------------
[INFO] Building api-automation-framework 1.0-SNAPSHOT
[INFO]   from pom.xml
[INFO] --------------------------------[ jar ]---------------------------------
[INFO] 
[INFO] --- clean:3.2.0:clean (default-clean) @ api-automation-framework ---
[INFO] Deleting C:\Users\Shagor\IdeaProjects\RestfulBooker\target
[INFO] 
[INFO] --- resources:3.3.1:resources (default-resources) @ api-automation-framework ---
[WARNING] Using platform encoding (Cp1252 actually) to copy filtered resources, i.e. build is platform dependent!
[INFO] Copying 0 resource from src\main\resources to target\classes
[INFO] 
[INFO] --- compiler:3.13.0:compile (default-compile) @ api-automation-framework ---
[INFO] Nothing to compile - all classes are up to date.
[INFO] 
[INFO] --- resources:3.3.1:testResources (default-testResources) @ api-automation-framework ---
[WARNING] Using platform encoding (Cp1252 actually) to copy filtered resources, i.e. build is platform dependent!
[INFO] Copying 2 resources from src\test\resources to target\test-classes
[INFO] 
[INFO] --- compiler:3.13.0:testCompile (default-testCompile) @ api-automation-framework ---
[INFO] Recompiling the module because of changed source code.
[WARNING] File encoding has not been set, using platform encoding windows-1252, i.e. build is platform dependent!
[INFO] Compiling 5 source files with javac [debug target 17] to target\test-classes
[INFO] 
[INFO] --- surefire:3.1.2:test (default-test) @ api-automation-framework ---
[INFO] Using auto detected provider org.apache.maven.surefire.testng.TestNGProvider
[INFO] 
[INFO] -------------------------------------------------------
[INFO]  T E S T S
[INFO] -------------------------------------------------------
[INFO] Running TestSuite
15:41:07.132 [main] DEBUG org.testng.TestNG -- suiteXmlPath: "C:\Users\Shagor\IdeaProjects\RestfulBooker\src\test\resources\testng.xml"
[INFO] Tests run: 8, Failures: 0, Errors: 0, Skipped: 0, Time elapsed: 3.424 s -- in TestSuite
[INFO] 
[INFO] Results:
[INFO] 
[INFO] Tests run: 8, Failures: 0, Errors: 0, Skipped: 0
[INFO] 
[INFO] ------------------------------------------------------------------------
[INFO] BUILD SUCCESS
[INFO] ------------------------------------------------------------------------
[INFO] Total time:  5.806 s
[INFO] Finished at: 2025-11-18T15:41:10-05:00
[INFO] ------------------------------------------------------------------------
